
[TestParseSSHDLog/Invalid_user_SSHD_log - 1]
map[string]string{"system.auth.ip":"10.0.2.2", "system.auth.ssh.event":"Invalid", "system.auth.user":"test"}
---

[TestParseSSHDLog/Valid_SSHD_log_with_user - 1]
map[string]string{"system.auth.ip":"10.0.2.2", "system.auth.port":"63673", "system.auth.ssh.event":"Accepted", "system.auth.ssh.method":"publickey", "system.auth.ssh.signature":"RSA 39:33:99:e9:a0:dc:f2:33:a3:e5:72:3b:7c:3a:56:84", "system.auth.user":"vagrant"}
---

[TestParseSSHDLog/Valid_SSHD_log_with_password - 1]
map[string]string{"system.auth.ip":"192.168.33.1", "system.auth.port":"58803", "system.auth.ssh.event":"Accepted", "system.auth.ssh.method":"password", "system.auth.user":"vagrant"}
---

[TestParseSSHDLog/Failed_SSHD_log_with_root_user - 1]
map[string]string{"system.auth.ip":"116.31.116.24", "system.auth.port":"29160", "system.auth.ssh.event":"Failed", "system.auth.ssh.method":"password", "system.auth.user":"root"}
---

[TestParseSSHDLog/Failed_SSHD_log_with_invalid_user - 1]
map[string]string{"system.auth.ip":"142.0.45.14", "system.auth.port":"52772", "system.auth.ssh.event":"Failed", "system.auth.ssh.method":"password", "system.auth.user":"aurelien"}
---
